› Skipping dev server
› Planning build
› Executing react-native Pods/hermes-engine » [CP-User] [Hermes] Replace Hermes for the right configuration, if needed
› Preparing Pods/React-Core-React-Core_privacy » ResourceBundle-React-Core_privacy-React-Core-Info.plist
› Preparing Pods/React-cxxreact-React-cxxreact_privacy » ResourceBundle-React-cxxreact_privacy-React-cxxreact-Info.plist
› Executing react-native Pods/ReactNativeDependencies » [CP-User] [RNDeps] Replace React Native Dependencies for the right configuration, if needed
› Preparing Pods/React-timing-React-timing_privacy » ResourceBundle-React-timing_privacy-React-timing-Info.plist
› Preparing Pods/ExpoDevice-ExpoDevice_privacy » ResourceBundle-ExpoDevice_privacy-ExpoDevice-Info.plist
› Preparing expo-widgets Pods/ExpoWidgets-ExpoWidgets » ResourceBundle-ExpoWidgets-ExpoWidgets-Info.plist
› Preparing Pods/RNCAsyncStorage-RNCAsyncStorage_resources » ResourceBundle-RNCAsyncStorage_resources-RNCAsyncStorage-Info.plist
› Preparing Pods/EXConstants-ExpoConstants_privacy » ResourceBundle-ExpoConstants_privacy-EXConstants-Info.plist
› Preparing Pods/ExpoSystemUI-ExpoSystemUI_privacy » ResourceBundle-ExpoSystemUI_privacy-ExpoSystemUI-Info.plist
› Preparing Pods/ExpoFileSystem-ExpoFileSystem_privacy » ResourceBundle-ExpoFileSystem_privacy-ExpoFileSystem-Info.plist
› Preparing expo-constants Pods/EXConstants-EXConstants » ResourceBundle-EXConstants-EXConstants-Info.plist
› Preparing Pods/expo-dev-menu-EXDevMenu » ResourceBundle-EXDevMenu-expo-dev-menu-Info.plist
› Preparing Pods/expo-dev-launcher-EXDevLauncher » ResourceBundle-EXDevLauncher-expo-dev-launcher-Info.plist
› Executing react-native Pods/React-Core-prebuilt » [CP-User] [RNCore] Replace React Native Core for the right configuration, if needed
› Executing expo-modules-jsi Pods/ExpoModulesJSI » [CP-User] Build ExpoModulesJSI xcframework
› Executing react-native Pods/React-RCTFBReactNativeSpec » [CP-User] [RN]Check FBReactNativeSpec
› Executing expo-modules-core Pods/ExpoModulesCore » [CP-User] [Expo] Switch ExpoModulesCore XCFramework for build configuration
› Executing expo-modules-core Pods/ExpoModulesWorklets » [CP-User] [Expo] Switch ExpoModulesWorklets XCFramework for build configuration
› Executing expo-image Pods/ExpoImage » [CP-User] [Expo] Switch ExpoImage XCFramework for build configuration
› Executing expo-file-system Pods/ExpoFileSystem » [CP-User] [Expo] Switch ExpoFileSystem XCFramework for build configuration
› Executing expo-constants Pods/EXConstants » [CP-User] Generate app.config for prebuilt Constants.manifest
› Executing expo-font Pods/ExpoFont » [CP-User] [Expo] Switch ExpoFont XCFramework for build configuration
› Compiling expo-dev-launcher Pods/expo-dev-launcher » EXDevLauncherController.m
› Compiling expo-dev-launcher Pods/expo-dev-launcher » EXDevLauncherManifestParser.m
› Executing expo-widgets Pods/ExpoWidgets » [CP-User] Prepare ExpoWidgets Resources
› Executing AnimeLevel/ExpoWidgetsTarget » [Expo] Configure project
› Preparing AnimeLevel/ExpoWidgetsTarget » Info.plist
⚠️  Script has ambiguous dependencies causing it to run on every build.
   To fix, go to: Xcode » AnimeLevel/AnimeLevel » Build Phases » '[Expo Dev Launcher] Strip Local Network Keys for Release'
   Either: Uncheck "Based on dependency analysis", or select output files to trigger the script

❌  expected identifier after '.' expression
   └─/Users/mohamadshuman/AnimeLevel/ios/ExpoWidgetsTarget/RevisionActivity.swift:14:26

› 1 error(s), and 1 warning(s)

CommandError: Failed to build iOS project. "xcodebuild" exited with error code 65.
